Print
String("input: ")
Semicolon
Let
Identifier("a")
Equal
Number(2)
Semicolon
Let
Identifier("b")
Equal
Number(5)
Semicolon
If
Identifier("a")
Less
Identifier("b")
LeftBrace
Print
String("a<b\n")
Semicolon
RightBrace
Else
If
Identifier("a")
Greater
Identifier("b")
LeftBrace
Print
String("a>b\n")
Semicolon
RightBrace
Else
LeftBrace
Print
String("a=b\n")
Semicolon
RightBrace
