Let
Identifier("five")
Equal
Number(5)
Semicolon
Let
Identifier("ten")
Equal
Number(10)
Semicolon
Let
Identifier("add")
Equal
Function
LeftParen
Identifier("x")
Comma
Identifier("y")
RightParen
LeftBrace
Identifier("x")
Plus
Identifier("y")
Semicolon
RightBrace
Semicolon
Let
Identifier("result")
Equal
Identifier("add")
LeftParen
Identifier("five")
Comma
Identifier("ten")
RightParen
Semicolon
Bang
Minus
Slash
Star
Number(5)
Semicolon
Number(5)
Less
Number(10)
Greater
Number(5)
Semicolon
If
Number(5)
Less
Number(10)
LeftBrace
Return
Boolean(true)
Semicolon
RightBrace
Else
LeftBrace
Return
Boolean(false)
Semicolon
RightBrace
Comment(" this is a comment\r")
Number(10)
EqualEqual
Number(10)
Semicolon
Number(10)
BangEqual
Number(9)
Semicolon
String("foobar")
String("foo bar")
LeftBracket
Number(1)
Comma
Number(2)
RightBracket
Semicolon
LeftBrace
String("foo")
Error("Unexpected character: :")
String("bar")
RightBrace
Eof
